---
source: crates/moa-analytics/tests/analytics_sql_offline.rs
expression: compiled.sql
---
SELECT d.skill_name AS c0, d.channel AS c1, count() AS c2, ifNull(sum(d.token_cost), 0) AS c3, quantileExactInclusive(0.95)(d.duration_ms) AS c4 FROM ( SELECT ts.tenant_id AS tenant_id, ts.session_id AS session_id, sac.agent_id AS agent_id, s.channel AS channel, ts.started_at AS started_at, ts.outcome AS outcome, ts.token_cost AS token_cost, if(ts.ended_at IS NULL, NULL, (toUnixTimestamp64Micro(ts.ended_at) - toUnixTimestamp64Micro(ts.started_at)) / 1000.0) AS duration_ms, arrayJoin(ts.skills_activated) AS skill_name FROM dim_task_segments AS ts FINAL LEFT JOIN dim_session_agent_context AS sac FINAL ON sac.session_id = ts.session_id AND sac.tenant_id = ts.tenant_id LEFT JOIN dim_sessions AS s FINAL ON s.session_id = ts.session_id AND s.tenant_id = ts.tenant_id WHERE length(ts.skills_activated) > 0 ) AS d WHERE d.tenant_id = toUUID(?) AND d.started_at BETWEEN parseDateTime64BestEffort(?, 6, 'UTC') AND parseDateTime64BestEffort(?, 6, 'UTC') GROUP BY 1, 2 ORDER BY c2 DESC LIMIT 50
